# serializer version: 1
# name: test_local_rb_sequence
  list([
    '''
      H 0
      PHASE(1.5707963267948966) 0
      H 0
      PHASE(1.5707963267948966) 0
      PHASE(1.5707963267948966) 0
  
    ''',
    '''
      H 0
      PHASE(1.5707963267948966) 0
      H 0
      PHASE(1.5707963267948966) 0
      PHASE(1.5707963267948966) 0
  
    ''',
  ])
# ---
