# serializer version: 1
# name: test_ordered
  '''
  CNOT 3 2
  CNOT 2 1
  RZ(1) 1
  CNOT 2 1
  CNOT 3 2
  
  '''
# ---
